asn=4134	isp=电信
asn=4837	isp=联通
asn=9808	isp=移动
asn=9394	isp=铁通
asn=4538	isp=教育网
asn=3462	isp=中华电信股份有限公司
asn=4808	isp=联通
asn=37963	isp=阿里云
asn=4812	isp=电信
asn=1659	isp=台湾学术网
asn=4847	isp=中国国家网络交换中心
asn=45090	isp=腾讯
asn=17816	isp=联通
asn=56046	isp=移动
asn=56041	isp=移动
asn=24444	isp=移动
asn=56040	isp=移动
asn=9674	isp=远传电信股份有限公司
asn=9924	isp=台湾大哥大电信股份有限公司
asn=24445	isp=移动
asn=9812	isp=东方有线
asn=4760	isp=电讯盈科
asn=17421	isp=中华电信股份有限公司
asn=23724	isp=电信
asn=4780	isp=远传电信股份有限公司
asn=9269	isp=香港宽频
asn=9304	isp=和记环球电讯有限公司
asn=134548	isp=鼎峰新汇香港科技有限公司
asn=7641	isp=广电网
asn=9416	isp=中嘉和网股份有限公司
asn=56048	isp=移动
asn=132839	isp=powerline.hk
asn=17621	isp=联通
asn=17429	isp=歌华有线
asn=17430	isp=鹏博士
asn=56044	isp=移动
asn=24158	isp=台湾大哥大电信股份有限公司
asn=17622	isp=联通
asn=7482	isp=亚太电信股份有限公司
asn=24400	isp=移动
asn=7497	isp=中国互联网络信息中心
asn=134810	isp=移动
asn=56047	isp=移动
asn=17962	isp=天威视讯
asn=9919	isp=远传电信股份有限公司
asn=4515	isp=电讯盈科
asn=17623	isp=联通
asn=24547	isp=移动
asn=17638	isp=电信
asn=9929	isp=联通
asn=45102	isp=阿里云
asn=38341	isp=铁通
asn=15169	isp=谷歌公司
asn=9908	isp=香港有线电视有限公司
asn=56042	isp=移动
asn=58519	isp=电信
asn=45069	isp=铁通
asn=24138	isp=铁通
asn=4809	isp=电信
asn=58593	isp=世纪互联
asn=23771	isp=广电网
asn=38370	isp=铁通
asn=4835	isp=电信
asn=17924	isp=数码通
asn=55990	isp=华为
asn=24139	isp=华数传媒
asn=134705	isp=香港爱他斯国际有限公司
asn=17968	isp=大庆中基石油通信建设有限公司
asn=24364	isp=教育网
asn=8075	isp=微软公司
asn=63711	isp=铁通
asn=4782	isp=中华电信股份有限公司
asn=136800	isp=xiaozhiyun.com
asn=9381	isp=香港宽频
asn=18182	isp=台湾索尼通讯网路股份有限公司
asn=4816	isp=电信
asn=133201	isp=网时集团有限公司
asn=58543	isp=电信
asn=132525	isp=移动
asn=17964	isp=鹏博士
asn=131596	isp=台湾宽频通讯顾问股份有限公司
asn=9814	isp=中电飞华
asn=58466	isp=电信
asn=23650	isp=电信
asn=38019	isp=移动
asn=55960	isp=光环新网
asn=58461	isp=电信
asn=38841	isp=凯擘大宽频
asn=16509	isp=亚马逊
asn=131591	isp=国基电子有限公司
asn=4609	isp=澳门电讯
asn=45057	isp=铁通
asn=16625	isp=阿卡迈
asn=4058	isp=中信国际电讯CPC
asn=9676	isp=宏远电讯
asn=714	isp=苹果公司
asn=18049	isp=台湾基础开发科技
asn=17709	isp=亚太电信
asn=38283	isp=电信
asn=17444	isp=新世界电讯有限公司
asn=24164	isp=twmbroadband.net
asn=45062	isp=广州网易计算机系统有限公司
asn=38365	isp=百度
asn=17799	isp=电信
asn=9293	isp=香港资讯联网有限公司
asn=134764	isp=电信
asn=135629	isp=宁夏西部云基地科技有限公司
asn=133119	isp=联通
asn=9802	isp=世纪互联
asn=18116	isp=和记环球电讯有限公司
asn=136958	isp=联通
asn=132203	isp=腾讯
asn=58453	isp=移动
asn=18118	isp=中信网络
asn=137443	isp=安畅网络（亚太）有限公司
asn=17809	isp=大台中数位有线电视股份有限公司
asn=55933	isp=cloudie.hk
asn=134762	isp=电信
asn=133774	isp=电信
asn=40065	isp=cnservers.com
asn=24357	isp=教育网
asn=24157	isp=台湾之星
asn=17897	isp=电信
asn=4662	isp=gcn.net.tw
asn=64050	isp=bgp.net
asn=136188	isp=电信
asn=134768	isp=电信
asn=3491	isp=电讯盈科
asn=9389	isp=中国长城互联网
asn=24143	isp=青岛有线
asn=4637	isp=澳大利亚电讯国际有限公司
asn=63555	isp=北京北龙云海网络数据科技有限公司
asn=62468	isp=龙腾网络技术服务有限公司
asn=55992	isp=奇虎360
asn=23844	isp=光环新网
asn=9811	isp=srit.com.cn
asn=18042	isp=和网宽频电信股份有限公司
asn=134763	isp=电信
asn=58563	isp=电信
asn=139007	isp=联通
asn=45753	isp=netsec.com
asn=10103	isp=香港宽频
asn=134419	isp=电信
asn=10212	isp=中企网络通信技术有限公司
asn=134542	isp=联通
asn=131627	isp=北都数位有线电视股份有限公司
asn=137702	isp=电信
asn=18013	isp=asline.net
asn=9306	isp=中国国际电子商务中心
asn=2706	isp=香港宽频
asn=20940	isp=阿卡迈
asn=7539	isp=nchc.org.tw
asn=9925	isp=电讯盈科
asn=134420	isp=电信
asn=58542	isp=电信
asn=24154	isp=aptg.com.tw
asn=9729	isp=iadvantage.net
asn=136190	isp=电信
asn=4528	isp=香港大学
asn=58541	isp=电信
asn=4158	isp=亚太互联网络信息中心
asn=4616	isp=香港理工大学资讯科技服务中心
asn=63835	isp=电信
asn=134238	isp=电信
asn=3363	isp=香港科技大学
asn=133775	isp=电信
asn=17716	isp=国立台湾大学
asn=138950	isp=电信
asn=24353	isp=教育网
asn=131486	isp=京东云
asn=63646	isp=北京小桔科技有限公司
asn=3661	isp=香港中文大学
asn=18047	isp=国立清华大学
asn=38372	isp=睿江科技
asn=9298	isp=光环讯通
asn=703	isp=verizon.com
asn=137689	isp=电信
asn=137872	isp=移动
asn=18422	isp=工业技术研究院
asn=59037	isp=杭州智御网络科技有限公司
asn=137694	isp=电信
asn=137697	isp=电信
asn=38197	isp=snw.hk
asn=4605	isp=香港浸会大学
asn=9264	isp=中央研究院
asn=139646	isp=megalayer.net
asn=26658	isp=恒通网络
asn=24137	isp=河南平煤
asn=56005	isp=郑州快之网电子科技有限公司
asn=133118	isp=联通
asn=18046	isp=东丰科技股份有限公司
asn=38844	isp=国立台湾师范大学
asn=137539	isp=联通
asn=17713	isp=国立中山大学
asn=17759	isp=中华电力有限公司
asn=18239	isp=北京财富公共信息平台
asn=24371	isp=教育网
asn=37937	isp=中国电子政务网
asn=37943	isp=景安网络
asn=38381	isp=中国航信
asn=38845	isp=台湾辅仁大学
asn=38847	isp=台湾国立中兴大学
asn=45075	isp=中央电视台
asn=45083	isp=北京维瑞智盛软件开发有限公司
asn=45113	isp=同煤通信
asn=7535	isp=大同网际网路
asn=7582	isp=澳门大学
asn=9584	isp=香港第一线有限公司
asn=9916	isp=国立交通大学
asn=18420	isp=台湾中央大学
asn=59050	isp=云方舟
asn=45093	isp=北京亿安天下Cnean网络交换中心
asn=24358	isp=教育网
asn=45187	isp=rackspace.com
asn=134756	isp=电信
asn=21859	isp=zenlayer.com
asn=137693	isp=电信
asn=9939	isp=安莱信息
asn=134771	isp=电信
asn=56019	isp=中联数据
asn=45061	isp=上海信息网络有限公司
asn=135377	isp=ucloud.cn
asn=63199	isp=首都在线
asn=24367	isp=教育网
asn=59078	isp=北京优帆科技有限公司
asn=133115	isp=香港葵芳集团有限公司
asn=4813	isp=电信
asn=136907	isp=huawei.com
asn=109	isp=思科系统公司
asn=137695	isp=电信
asn=63612	isp=深圳前海小鸟云计算有限公司
asn=7656	isp=宏远电讯股份有限公司
asn=59371	isp=dimensionet.com
asn=10118	isp=和记环球电讯有限公司
asn=132510	isp=移动
asn=17775	isp=上海科技网络通信有限公司
asn=24349	isp=教育网
asn=45058	isp=金桥网络通信有限公司
asn=38819	isp=hkcsl.com
asn=7991	isp=centurylink.com
asn=59019	isp=金山云
asn=133199	isp=sondercloud.asia
asn=18245	isp=中国互联网络信息中心
asn=7540	isp=hkcix.com
asn=134765	isp=电信
asn=9801	isp=京宽网络
asn=38027	isp=教育网
asn=58834	isp=广电网
asn=55967	isp=百度
asn=134418	isp=电信
asn=135061	isp=联通
asn=131586	isp=远传电信股份有限公司
asn=9444	isp=电讯盈科
asn=45079	isp=万国数据服务有限公司
asn=10132	isp=towngastelecom.com
asn=17490	isp=基于密集型光波复用的宽带网络
asn=63838	isp=电信
asn=134543	isp=联通
asn=56282	isp=北京网港科技有限公司
asn=134766	isp=电信
asn=133771	isp=rapid-shield.com
asn=38056	isp=globecomm.com
asn=206819	isp=ansonnet.com
asn=10126	isp=中华电信股份有限公司
asn=37965	isp=太平洋电信
asn=56292	isp=中联数据
asn=9216	isp=symphox.net
asn=131607	isp=全国数位有线电视股份有限公司
asn=24147	isp=北京商务中心区通信科技有限公司
asn=10229	isp=雅虎
asn=2687	isp=att.com
asn=9308	isp=世纪互联
asn=9535	isp=中联数据
asn=131584	isp=台湾智慧光网股份有限公司
asn=136959	isp=联通
asn=38478	isp=新力讯有限公司
asn=23851	isp=重庆网通宽带网络有限责任公司
asn=135391	isp=ofidc.com
asn=45474	isp=nexusguard.com
asn=63691	isp=北京智网科技股份有限公司
asn=10099	isp=联通
asn=131325	isp=电信
asn=23881	isp=udomain.com.hk
asn=23853	isp=上海数讯
asn=38364	isp=北京龙腾佳讯科技股份公司
asn=133776	isp=电信
asn=7651	isp=大学联合电脑中心
asn=17819	isp=equinix.com
asn=3356	isp=level3.com
asn=9229	isp=speedcast.com
asn=134774	isp=电信
asn=10032	isp=和记环球电讯有限公司
asn=23848	isp=深圳平安通信科技有限公司
asn=24134	isp=互联通
asn=24151	isp=中国互联网络信息中心
asn=9809	isp=南凌科技
asn=137692	isp=电信
asn=137699	isp=电信
asn=64021	isp=香港商务电讯有限公司
asn=9231	isp=移动
asn=132585	isp=电讯盈科
asn=138421	isp=联通
asn=9513	isp=香港有线电视有限公司
asn=7650	isp=大学联合电脑中心
asn=134772	isp=电信
asn=23839	isp=辽河油田通信
asn=23842	isp=深圳信息网络中心
asn=24422	isp=华通信息有限公司
asn=59077	isp=上海优刻得信息科技有限公司
asn=9391	isp=广东省有线宽带网络服务中心
asn=9474	isp=smartone.com
asn=131536	isp=鹏博士
asn=135386	isp=联华电信国际有限公司
asn=17428	isp=世纪互联
asn=18243	isp=网易
asn=139201	isp=电信
asn=45110	isp=天维信通科技有限公司
asn=10122	isp=bigo.sg
asn=133752	isp=leaseweb.com
asn=24506	isp=雅虎
asn=63590	isp=广电网
asn=132813	isp=aisicloud.net
asn=9807	isp=国家统计局数据管理中心
asn=133024	isp=ximbo.com
asn=137280	isp=金山云
asn=9237	isp=电讯盈科
asn=24167	isp=中央研究院
asn=131142	isp=亚太电信股份有限公司
asn=24430	isp=国家邮政局
asn=132147	isp=电信
asn=134761	isp=电信
asn=4641	isp=香港交换中心
asn=24319	isp=阿卡迈
asn=138378	isp=教育网
asn=45932	isp=netsys.com.hk
asn=17781	isp=新华通讯社
asn=38843	isp=pumo.com.tw
asn=139018	isp=电信
asn=55461	isp=中联数据
asn=56001	isp=上海臣翊网络科技有限公司
asn=59011	isp=北京云林网络科技有限公司
asn=136933	isp=gigabitbank.com
asn=139220	isp=电信
asn=38342	isp=上海维赛特网络系统有限公司
asn=4748	isp=resolink.com
asn=63581	isp=广西广播电视信息网络股份有限公司
asn=135026	isp=thinkdream.com
asn=134769	isp=电信
asn=7468	isp=superhub.com.hk
asn=174	isp=cogentco.com
asn=133111	isp=教育网
asn=31972	isp=emagineconcept.com
asn=38363	isp=翰威通信
asn=133779	isp=huayun.com
asn=17554	isp=citictel.com
asn=24350	isp=教育网
asn=24427	isp=驰信信息技术有限公司
asn=45816	isp=i-services.com.hk
asn=134196	isp=cloudie.hk
asn=24155	isp=aptg.com.tw
asn=24424	isp=北京谷翔信息技术有限公司
asn=63545	isp=迅达云
asn=63631	isp=广东云基科技有限公司
asn=13335	isp=cloudflare.com
asn=55355	isp=和记环球电讯有限公司
asn=132553	isp=中国石油大学
asn=133865	isp=爱奇艺
asn=17966	isp=中国信息宽带网络有限公司
asn=18411	isp=edtns.net
asn=24352	isp=教育网
asn=24495	isp=北京创想空间商务通信服务有限公司
asn=4845	isp=singtel.com
asn=9660	isp=kantone.net
asn=9671	isp=tradevan.com.tw
asn=3549	isp=level3.com
asn=56190	isp=acmehk.net
asn=9732	isp=ogcio.gov.hk
asn=134770	isp=电信
asn=139203	isp=电信
asn=1299	isp=telia.com
asn=17888	isp=singtel.com
asn=38277	isp=communilink.net
asn=9221	isp=hsbc.com
asn=134687	isp=twidc.com.hk
asn=138982	isp=电信
asn=17633	isp=电信
asn=24334	isp=cyberport.hk
asn=38345	isp=互联网域名系统北京市工程研究中心有限公司
asn=135330	isp=adcdata.com
asn=17739	isp=电信
asn=24413	isp=深圳市旭日科技有限公司
asn=10100	isp=ubs.com
asn=138995	isp=厦门比利网络有限公司
asn=23910	isp=教育网
asn=138369	isp=教育网
asn=139659	isp=lucidacloud.net
asn=24361	isp=教育网
asn=24428	isp=方正宽带
asn=132153	isp=电信
asn=18242	isp=成都信息港公司
asn=23764	isp=电信
asn=63981	isp=nova.net.cn
asn=7577	isp=大学联合电脑中心
asn=24246	isp=inap.com
asn=38379	isp=上海美琪网络科技有限公司
asn=134520	isp=techavenue.net
asn=17764	isp=香港公开大学
asn=136160	isp=世纪互联
asn=136200	isp=电信
asn=18183	isp=国研院国震中心
asn=208770	isp=greaconltd.com
asn=24043	isp=datapipe.com
asn=24399	isp=asix.hk
asn=45250	isp=vocom.com
asn=9810	isp=北京时代网星科技有限公司
asn=209	isp=centurylink.com
asn=32787	isp=阿卡迈
asn=23749	isp=hkcolo.com
asn=24355	isp=教育网
asn=396982	isp=谷歌公司
asn=58962	isp=四川世纪立信财务管理咨询公司
asn=138538	isp=宁波市南边陀螺信息技术有限公司
asn=24482	isp=sg.gs
asn=38176	isp=absatellite.com
asn=4611	isp=中国互联网络信息中心
asn=59067	isp=微软公司
asn=4249	isp=礼来公司
asn=133038	isp=exa.net
asn=139887	isp=电信
asn=140308	isp=电信
asn=140317	isp=电信
asn=17537	isp=jos.com.hk
asn=17619	isp=powernetix.com
asn=18257	isp=常州贝特康姆软件技术有限公司
asn=23840	isp=天津先进信息产品有限公司
asn=24160	isp=奇美实业
asn=37970	isp=中国华电集团公司
asn=38346	isp=互联通
asn=38367	isp=合众人寿保险股份有限公司
asn=38378	isp=博世（中国）投资有限公司
asn=45590	isp=和记环球电讯有限公司
asn=4859	isp=中国国家信息中心
asn=55994	isp=安畅网络
asn=56012	isp=北京乐金系统集成有限公司
asn=56013	isp=三星数据系统（中国）有限公司
asn=63549	isp=辽宁途隆科技有限公司
asn=7484	isp=hactl.com
asn=7640	isp=中国国际信托投资公司管理信息中心
asn=9906	isp=etnet.com.hk
asn=136892	isp=rackspace.com
asn=17794	isp=和记环球电讯有限公司
asn=24406	isp=中国互联网络信息中心
asn=37942	isp=中国文物信息咨询中心
asn=55480	isp=i-services.com.hk
asn=63673	isp=深圳平安通信科技有限公司
asn=137990	isp=suniway.net
asn=19551	isp=incapsula.com
asn=36236	isp=netactuate.com
asn=3762	isp=instinet.com
asn=38358	isp=中国科学技术协会信息中心
asn=45910	isp=i-system.hk
asn=4646	isp=新力讯有限公司
asn=55558	isp=cloudalliance.hk
asn=63541	isp=蓝汛
asn=7473	isp=singtel.com
asn=134835	isp=星光互联
asn=36384	isp=谷歌公司
asn=58807	isp=移动
asn=63679	isp=江苏恒云太科技有限公司
asn=63928	isp=freecomm.net
asn=9312	isp=xtom.com
asn=9803	isp=首都在线
asn=133012	isp=cocoaoriental.com
asn=139462	isp=电信
asn=37957	isp=中国通信有限公司
asn=45101	isp=沃尔玛（中国）投资有限公司
asn=59043	isp=广州蓝动信息科技有限公司
asn=63554	isp=黑龙江省久鹏信息技术服务有限公司
asn=131600	isp=是方电讯股份有限公司
asn=133952	isp=郑州珑凌科技有限公司
asn=138607	isp=herbtech.com.cn
asn=15133	isp=verizon.com
asn=55468	isp=中国国际广播电台
asn=55958	isp=英特尔公司
asn=55998	isp=北京互联通网络科技有限公司
asn=58518	isp=电信
asn=59045	isp=广州尚航信息科技股份有限公司
asn=701	isp=verizon.com
asn=135387	isp=magnahosting.net
asn=136167	isp=电信
asn=140105	isp=移动
asn=15695	isp=expereo.com
asn=18241	isp=国家电力信息网
asn=24429	isp=阿里云
asn=45761	isp=gamania.com
asn=4645	isp=香港资讯联网有限公司
asn=59083	isp=上海宽惠网络科技有限公司
asn=131603	isp=worldstar.net.tw
asn=134974	isp=oakleighcapital.com
asn=38339	isp=中联数据
asn=58536	isp=中国政务和公益机构域名注册管理中心
asn=54113	isp=fastly.com
asn=10116	isp=和记环球电讯有限公司
asn=131091	isp=goldsunshine.net
asn=131143	isp=chinatrust.com.tw
asn=131659	isp=网易
asn=135363	isp=重庆富轩信息技术有限公司
asn=135365	isp=上海游族信息技术有限公司
asn=136600	isp=北京峰鸟网络科技有限公司
asn=137218	isp=快云信息技术有限公司
asn=13778	isp=强生公司
asn=137787	isp=北京京东尚科信息技术有限公司
asn=138698	isp=同仁科技有限公司
asn=139721	isp=电信
asn=140310	isp=电信
asn=140312	isp=电信
asn=140316	isp=电信
asn=18426	isp=财团法人国家实验研究院
asn=24420	isp=中国林业科学研究院
asn=24489	isp=教育网
asn=24490	isp=教育网
asn=38375	isp=北京高华证券有限公司
asn=38380	isp=中国南方机车车辆工业公司
asn=4229	isp=zenlayer.com
asn=45074	isp=国家统计局数据管理中心
asn=58852	isp=贵州省广播电视信息网络股份有限公司
asn=58879	isp=中联数据
asn=59009	isp=青岛旺信电子科技有限公司
asn=59022	isp=昆明广播电视网络有限责任公司
asn=59029	isp=人民网
asn=6185	isp=苹果公司
asn=63535	isp=万达信息股份有限公司成都分公司
asn=63548	isp=联想
asn=63561	isp=中国电子科技网络信息安全有限公司
asn=63570	isp=中国互联网络信息中心
asn=63598	isp=河北昆时网络科技股份有限公司
asn=63620	isp=深圳市华博科技开发有限公司
asn=63701	isp=吉视传媒股份有限公司
asn=3561	isp=centurylink.com
asn=10231	isp=tech-trans.com
asn=137927	isp=asl.com.hk
asn=24141	isp=地面通
asn=4623	isp=chevalier.net
asn=55536	isp=pacswitch.com
asn=55996	isp=赛柏特电信（中国）有限公司
asn=58517	isp=电信
asn=3662	isp=大学联合电脑中心
asn=10138	isp=ibasis.net
asn=10206	isp=联通
asn=138449	isp=vocom.com
asn=17485	isp=tid.gov.hk
asn=17978	isp=世纪宏图澳大利亚控股公司
asn=24168	isp=cloudmax.com.tw
asn=45327	isp=goldmansachs.com
asn=58866	isp=中国金融认证中心
asn=63617	isp=麦肯锡（上海）咨询有限公司
asn=19855	isp=masergy.com
asn=10753	isp=level3.com
asn=131530	isp=上海思栈网络有限公司
asn=133465	isp=昆山杜克大学
asn=133731	isp=皇家网络科技有限公司
asn=134417	isp=电信
asn=136237	isp=上海双于通信技术有限公司
asn=136782	isp=平潭热线网络科技有限公司
asn=36678	isp=电信
asn=38385	isp=中嘉和网股份有限公司
asn=58811	isp=中国政务和公益机构域名注册管理中心
asn=63527	isp=电信
asn=63583	isp=中国电信研究院
asn=7262	isp=电讯盈科
asn=23875	isp=hkcsl.com
asn=10074	isp=ibasis.net
asn=131134	isp=博世（中国）投资有限公司
asn=131144	isp=华硕电脑
asn=131148	isp=台湾银行
asn=131444	isp=huawei.com
asn=131497	isp=大众汽车（中国）投资有限公司
asn=131503	isp=中国航空技术进出口总公司
asn=131519	isp=海信集团
asn=131538	isp=北京首创科技有限公司
asn=131578	isp=北京外国语大学
asn=131587	isp=兆丰国际商业银行
asn=131590	isp=合作金库银行
asn=131593	isp=和硕联合科技股份有限公司
asn=131599	isp=纬创集团
asn=131605	isp=besta.com.tw
asn=133158	isp=well-power.com.tw
asn=134963	isp=阿里云
asn=134981	isp=优步科技有限公司
asn=136189	isp=欧普拉软件技术（北京）有限公司
asn=136955	isp=上海姆机商务咨询有限公司
asn=137207	isp=大学联合电脑中心
asn=137547	isp=绿林客信息技术有限公司
asn=137715	isp=国泰君安证券股份有限公司
asn=137735	isp=ccb.com
asn=137745	isp=中国互联网络信息中心
asn=137761	isp=etiir.com
asn=137764	isp=北京卓越科技有限公司
asn=137804	isp=cnix.com.cn
asn=137806	isp=沃尔玛（中国）投资有限公司
asn=138407	isp=移动
asn=139640	isp=newcloud.hk
asn=17706	isp=香港机场管理局
asn=17969	isp=京宽网络
asn=24348	isp=教育网
asn=24575	isp=教育网
asn=25780	isp=hugeserver.com
asn=38057	isp=戴尔
asn=45071	isp=李宁（中国）体育用品有限公司
asn=45086	isp=上海有孚网络股份有限公司
asn=45087	isp=中国免税品（集团）有限责任公司
asn=55966	isp=中国邮政储蓄银行
asn=55971	isp=中国社会科学院
asn=55973	isp=环球电影服务有限公司
asn=55982	isp=长虹佳华信息产品有限责任公司
asn=55986	isp=焦点科技股份有限公司
asn=56000	isp=康宝莱（中国）保健品有限公司
asn=56002	isp=北京船舶通信导航有限公司
asn=56003	isp=北京世纪联合网络技术有限公司
asn=56011	isp=unicloud.com
asn=56015	isp=中国体育彩票科技发展有限公司
asn=56173	isp=雅虎
asn=58441	isp=香港宽频
asn=58854	isp=kaopuyun.com
asn=58860	isp=北京北宽科技有限公司
asn=58862	isp=微软公司
asn=59003	isp=天津广播电视网络技术有限公司
asn=59010	isp=内蒙古聚友网络信息服务有限公司
asn=59012	isp=中国储备粮管理集团有限公司
asn=59049	isp=沃尔玛（中国）投资有限公司
asn=59056	isp=上海缘通科技有限公司
asn=59057	isp=北京永信畅联科技有限公司
asn=59074	isp=泰康保险集团股份有限公司
asn=63582	isp=中国电信研究院
asn=63636	isp=上海长信科技股份有限公司
asn=63704	isp=贵州省广播电视信息网络股份有限公司
asn=63705	isp=南京安莱信息通信技术有限公司
asn=63916	isp=techavenue.net
asn=9405	isp=测试平台服务中心
asn=63629	isp=北京车之家信息技术有限公司
asn=2686	isp=att.com
asn=10361	isp=彭博有限合伙企业
asn=131588	isp=财金资讯股份有限公司
asn=133475	isp=纽约大学
asn=135006	isp=比特汇通（北京）信息技术有限公司
asn=137784	isp=cacloud.net.cn
asn=137946	isp=厦门游天科技有限公司
asn=137995	isp=上海双于通信技术有限公司
asn=138029	isp=深圳互联先锋科技有限公司
asn=138371	isp=教育网
asn=138570	isp=aresflare.com
asn=17457	isp=雅虎
asn=24545	isp=南方电信（香港）有限公司
asn=38107	isp=cdnetworks.com
asn=58448	isp=中国政务和公益机构域名注册管理中心
asn=58850	isp=彭博财经资讯（北京）有限公司
asn=59073	isp=中国银行股份有限公司
asn=59248	isp=att.com
asn=59251	isp=snw.hk
asn=63530	isp=北京光环时讯网络通讯技术有限责任公司
asn=9401	isp=中国国家图书馆
asn=139057	isp=白山云科技有限公司
asn=59253	isp=leaseweb.com
asn=59065	isp=美银宝网络信息服务（上海）有限公司
asn=10133	isp=是方电讯股份有限公司
asn=10232	isp=hkcix.com
asn=10455	isp=阿尔卡特朗讯
asn=12008	isp=home.neustar
asn=131280	isp=和记环球电讯有限公司
asn=131558	isp=沃尔玛（中国）投资有限公司
asn=131621	isp=财团法人台湾网路资讯中心
asn=133380	isp=layerstack.com
asn=135146	isp=电讯盈科
asn=137759	isp=mts.com
asn=139061	isp=兴业银行（中国）有限公司
asn=139606	isp=cloudalliance.hk
asn=17814	isp=citictel.com
asn=18421	isp=台新银行
asn=23911	isp=教育网
asn=24023	isp=juniper.net
asn=24409	isp=中国互联网络信息中心
asn=34806	isp=asline.net
asn=3573	isp=埃森哲
asn=3614	isp=戴尔
asn=37958	isp=蓝汛
asn=38564	isp=英伟达公司
asn=3908	isp=centurylink.com
asn=397237	isp=home.neustar
asn=45346	isp=well-power.com.tw
asn=45501	isp=雅虎
asn=4766	isp=韩国电信公司
asn=55786	isp=莫必优思软件（上海）有限公司
asn=55956	isp=麦格纳汽车技术（上海）有限公司
asn=56103	isp=i-services.com.hk
asn=58520	isp=电信
asn=63565	isp=北京联广通网络科技有限公司
asn=63580	isp=诺华（中国）生物医学研究有限公司
asn=63641	isp=megavantage.cn
asn=63690	isp=广东夏龙通信有限公司
asn=9805	isp=siemens.com
asn=12222	isp=阿卡迈
asn=131506	isp=黑龙江广播电视网络股份有限公司
asn=131525	isp=南京途牛科技有限公司
asn=131541	isp=中国互联网络信息中心
asn=131577	isp=湖北兆升凯莱科技有限公司
asn=131660	isp=中华电信股份有限公司
asn=132389	isp=移动
asn=132591	isp=腾讯
asn=133492	isp=杭州爱云网络科技有限公司
asn=134175	isp=鼎峰新汇香港科技有限公司
asn=134602	isp=上海花卷信息科技有限公司
asn=135621	isp=电讯盈科
asn=137746	isp=中国互联网络信息中心
asn=137753	isp=北京京东尚科信息技术有限公司
asn=137767	isp=上海通用汽车有限公司
asn=137882	isp=上海花卷信息科技有限公司
asn=138542	isp=平潭热线网络科技有限公司
asn=139584	isp=电信
asn=139619	isp=移动
asn=139774	isp=教育网
asn=140052	isp=xtom.com
asn=14153	isp=verizon.com
asn=17984	isp=电讯盈科
asn=19527	isp=谷歌公司
asn=19905	isp=home.neustar
asn=202	isp=level3.com
asn=20464	isp=polycom.com
asn=22400	isp=web2objects.com
asn=23709	isp=互联网系统协会
asn=23712	isp=互联网系统协会
asn=24302	isp=教育网
asn=24362	isp=教育网
asn=24363	isp=教育网
asn=37936	isp=新浪公司
asn=38187	isp=gamania.com
asn=38238	isp=兴业银行（中国）有限公司
asn=38834	isp=英伟达公司
asn=47582	isp=ansonnet.com
asn=4983	isp=英特尔公司
asn=55439	isp=互联网系统协会
asn=58571	isp=电信
asn=59034	isp=北京市希望网络科技有限公司
asn=59048	isp=北京云端时代科技股份有限公司
asn=59080	isp=北京华夏雅库网络科技股份有限公司
asn=6279	isp=电讯盈科
asn=63531	isp=北京百悟科技有限公司
asn=63615	isp=通用电气（中国）有限公司
asn=63696	isp=中信建投证券股份有限公司
asn=63722	isp=红豆电信有限公司
asn=64079	isp=电信
asn=8188	isp=彭博资讯
asn=9263	isp=电讯盈科
asn=9538	isp=中信国际电讯CPC
asn=3910	isp=centurylink.com
asn=59241	isp=goldmansachs.com
asn=2828	isp=verizon.com
asn=702	isp=verizon.com