isp=ASN for Shandong Provincial Net of CT	isp=电信
isp=ASN for TIANJIN Provincial Net of CT	isp=电信
isp=Beihai	isp=电信
isp=Beijing Dian-Xin-Tong Network Technologies Co., Ltd.	isp=鹏博士
isp=Beijing XiRang Media Cultural Co., Ltd.	isp=鹏博士
isp=CERNET New Technology Co., Ltd	isp=教育网
isp=CERNET2 IX at Beijing University of Posts and Telecommunications	isp=教育网
isp=CERNET2 IX at Huazhong University of Science and Technology	isp=教育网
isp=CERNET2 IX at Jilin University	isp=教育网
isp=CERNET2 IX at Peking University	isp=教育网
isp=CERNET2 IX at Shandong University	isp=教育网
isp=CERNET2 IX at Shanghai Jiaotong University	isp=教育网
isp=CERNET2 IX at South China University of Technology	isp=教育网
isp=CERNET2 IX at Southeast University	isp=教育网
isp=CERNET2 IX at Tianjin University	isp=教育网
isp=CERNET2 IX at Tsinghua University	isp=教育网
isp=CERNET2 IX at University of Electronic Science and Technology of China	isp=教育网
isp=CERNET2 IX at University of Science and Technology of China	isp=教育网
isp=CERNET2 IX at Xi'an Jiaotong University	isp=教育网
isp=CERNET2 IX at Zhejiang University	isp=教育网
isp=CHINA TELECOM (AMERICAS) CORPORATION	isp=电信
isp=CHINA TELECOM(MACAU) COMPANY LIMITED	isp=电信
isp=CHINA TIETONG SHANGHAI	isp=铁通
isp=CHINA UNICOM  Industrial  Internet Backbone	isp=联通
isp=CHINA UNICOM China169 Backbone	isp=联通
isp=CHINANET Guangdong province Dongguan MAN network	isp=电信
isp=CHINANET Guangdong province Foshan MAN network	isp=电信
isp=CHINANET Guangdong province Shenzhen MAN network	isp=电信
isp=CHINANET Guangdong province network	isp=电信
isp=CHINANET Guizhou province network	isp=电信
isp=CHINANET Hubei province network	isp=电信
isp=CHINANET Jiangsu province Suzhou taihu IDC network	isp=电信
isp=CHINANET Jiangx province IDC network	isp=电信
isp=CHINANET Liaoning province Dalian MAN network	isp=电信
isp=CHINANET NINGXIA province ZHONGWEI IDC network	isp=电信
isp=CHINANET SHAANXI province Cloud Base network	isp=电信
isp=CHINANET SiChuan Telecom Internet Data Center	isp=电信
isp=CHINANET Yunnan province IDC1 network	isp=电信
isp=CHINANET Yunnan province IDC2 network	isp=电信
isp=CHINATELECOM Guangxi Nanning IDC networkdescr: Nanning , Guangxi Province, P.R.China.	isp=电信
isp=CHINATELECOM JIANGSU province NANTONG MAN network	isp=电信
isp=CHINATELECOM JiangSu YangZhou IDC networkdescr: YangZhou , Jiangsu Province, P.R.China.	isp=电信
isp=CHINATELECOM Jiangsu Suqian IDC network	isp=电信
isp=CHINATELECOM Xinjiang Kezhou MAN network	isp=电信
isp=CHINATELECOM Xinjiang Wulumuqi MAN network	isp=电信
isp=China Broadcasting TV Net	isp=广电
isp=China Education and Research Network (CERNET)	isp=教育网
isp=China Education and Research Network Center	isp=教育网
isp=China Mobile	isp=移动
isp=China Mobile Communications Corporation	isp=移动
isp=China Mobile Hong Kong Company Limited	isp=移动
isp=China Mobile International Limited	isp=移动
isp=China Next Generation Internet Beijing IX	isp=教育网
isp=China Next Generation Internet CERNET2	isp=教育网
isp=China Telecom	isp=电信
isp=China Telecom (Group)	isp=电信
isp=China Telecom Backbone	isp=电信
isp=China Telecom Global Limited	isp=电信
isp=China Telecom Next Generation Carrier Network	isp=电信
isp=China Telecom(Group)	isp=电信
isp=China TieTong Telecommunications Corporation	isp=铁通
isp=China Unicom	isp=联通
isp=China Unicom  IP network China169 Guangdong province	isp=联通
isp=China Unicom (Hong Kong) Operations Limited	isp=联通
isp=China Unicom Beijing Province Network	isp=联通
isp=China Unicom Guangdong IP network	isp=联通
isp=China Unicom Guangzhou network	isp=联通
isp=China Unicom IP network	isp=联通
isp=China Unicom Shanghai network	isp=联通
isp=China Unicom Shenzen network	isp=联通
isp=China Unicom Zhongwei Cloud	isp=联通
isp=ChinaNet Jiangsu Changzhou Liyang IDC network	isp=电信
isp=Chinese Academy of Telecommunication Research	isp=电信
isp=Chongqing Telecom	isp=电信
isp=Cloud Computing Corporation	isp=电信
isp=DRAGONLAB	isp=教育网
isp=Fuzhou	isp=电信
isp=Guangdong	isp=电信
isp=Guangdong Cable Corporation Limited	isp=广电
isp=HEXIE Information technology Co., Ltd.	isp=铁通
isp=Hebei Broadcasting&TV Network	isp=广电
isp=Hengyang	isp=电信
isp=Huashu media&Network Limited	isp=华数
isp=IDC, China Telecommunications Corporation	isp=电信
isp=IOT Guangdong network, Chinatelecom, P.R.China.	isp=电信
isp=IOT Jiangsu network, Chinatelecom, P.R.China.	isp=电信
isp=Information Center, Ministry of Sci and Tech	isp=教育网
isp=JINHUA, ZHEJIANG Province, P.R.China.	isp=电信
isp=NINGBO, ZHEJIANG Province, P.R.China.	isp=电信
isp=Nanjing	isp=电信
isp=Nanton	isp=电信
isp=No.288,Fu-chun Road	isp=电信
isp=No.293,Wanbao Avenue	isp=电信
isp=No.3,Shu-Ma Road	isp=电信
isp=QUANTIL NETWORKS INC	isp=网宿
isp=Qingdao,266000	isp=电信
isp=Quanzhou	isp=电信
isp=SHAANXI province	isp=电信
isp=SXBCTV ,Internet Service Provider,	isp=广电
isp=Shanghai Great Wall Broadband Network Service Co., Ltd.	isp=鹏博士
isp=Shanghai Telecom Haplink Network Co Ltd (Haplink)	isp=电信
isp=Tianjij,300000	isp=电信
isp=Trans-Eurasia Information Network (TEIN2) - North	isp=教育网
isp=Trans-Eurasia Information Network (TEIN2) - SG	isp=教育网
isp=UNICOM InnerMongolia province network	isp=联通
isp=WENZHOU, ZHEJIANG Province, P.R.China.	isp=电信
isp=Xiamen	isp=电信
isp=aliyun.com	isp=阿里云
isp=asn for Heilongjiang Provincial Net of CT	isp=电信
isp=asn for Liaoning Provincial Net of CT	isp=电信
isp=capitalonline.net	isp=首都在线
isp=china tietong Shandong net	isp=铁通
isp=cnaaa.com	isp=Hong Kong San Ai Net Int'l Limited
isp=eflycloud.com	isp=EFLY NETWORK LIMITED
isp=gcable.com.cn	isp=广东广电
isp=huawei.com	isp=华为
isp=jscnnet.com	isp=江苏广电
isp=khdatasolutions.com	isp=上海宽惠网络科技有限公司
isp=ksyun.com	isp=金山云
isp=netease.com	isp=广州网易计算机系统有限公司
isp=tencent.com	isp=腾讯
isp=ucloud.cn	isp=上海优刻得信息科技有限公司
isp=wangsu.com	isp=网宿
isp=wy.com.cn	isp=广东唯一网络科技有限公司
isp=中国电信	isp=电信
isp=中国移动	isp=移动
isp=中国联通	isp=联通
isp=昆明广播电视网络有限责任公司	isp=云南广电
isp=广西广播电视信息网络股份有限公司	isp=广西广电