area=电信	isp=电信
area=联通	isp=联通
area=Akamai节点	isp=Akamai
area=移动	isp=移动
area=中移铁通	isp=移动/中移铁通
area=Microsoft公司	isp=Microsoft
area=华盛顿Cogent通信公司	isp=Cogent
area=悉尼	city=悉尼
area=Akamai科技公司CDN网络节点	isp=Akamai
area=科罗拉多州布隆菲尔德市Level 3通信股份有限公司	isp=Level3
area=腾讯云	isp=腾讯云
area=加州	province=加利福尼亚
area=Microsoft数据中心	isp=Microsoft
area=加利福尼亚州圣克拉拉县山景市谷歌公司	isp=Google
area=电讯盈科有限公司	isp=电讯盈科
area=联通信息港	isp=联通
area=Apple	isp=Apple
area=密苏里州圣路易斯县CenturyLink股份有限公司旗下Savvis公司	isp=Savvis
area=Amazon数据中心	isp=Amazon
area=教育网	isp=教育网
area=惠普HP	isp=惠普HP
area=联通骨干网	isp=联通/骨干网
area=Bell	isp=BellCanada
area=ATT用户	isp=AT&T
area=国际航空电讯集团公司(SITA)	isp=SITA
area=AT&T	isp=AT&T
area=电信骨干网	isp=电信/骨干网
area=CloudFlare节点	isp=CloudFlare
area=广电网	isp=广电
area=/普陀区电信	isp=电信
area=亚太环通(Pacnet)有限公司	isp=Pacnet
area=鹏博士长城宽带	isp=鹏博士/长城宽带
area=鹏博士宽带/长城宽带/鹏博士互联节点	isp=鹏博士/长城宽带
area=阿里云	isp=阿里云
area=弗吉尼亚州	province=弗吉尼亚
area=华盛顿州西雅图市亚马逊(Amazon)公司数据中心	isp=Amazon
area=弗吉尼亚州劳登县阿什本地区MCI通信服务公司	isp=MCI
area=UCloud	isp=UCloud
area=鹏博士BGP	isp=鹏博士/BGP
area=伦敦	province=伦敦
area=加利福尼亚州弗里蒙特市Hurricane Electric公司	isp=HurricaneElectric
area=东京	province=东京
area=得克萨斯州特拉维斯县奥斯汀市Wayport股份有限公司(AT&T旗下Wi-Fi服务)	isp=AT&T(Wayport)
area=电信IDC机房	isp=电信/IDC
area=德黑兰市	province=德黑兰
area=Merit网络公司	isp=Merit
area=移动数据上网公共出口	isp=移动
area=方正宽带	isp=方正宽带
area=KT电信	isp=KT
area=DNS服务器	isp=DNS
area=华为云	isp=华为云
area=Telstra全球互联网服务网络	isp=Telstra
area=Sprint	isp=Sprint
area=圣保罗	province=圣保罗
area=歌华宽带	isp=歌华宽带
area=科罗拉多州丹佛市Qwest通信有线责任公司	isp=Qwest
area=巴黎	province=巴黎
area=Gaditek数据中心	isp=Gaditek
area=得克萨斯州	province=得克萨斯
area=DXC Technology	isp=DXC
area=华盛顿州雷德蒙德市Microsoft公司	isp=Microsoft
area=Host1Plus数据中心	isp=Host1Plus
area=Telus	isp=Telus
area=Level3通信	isp=Level3
area=首尔	province=首尔
area=NTT通信公司骨干网	isp=NTT
area=Cox	isp=Cox
area=中国电信CN2骨干网	isp=电信/CN2骨干网
area=NTT通信公司	isp=NTT
area=电信数据上网公共出口	isp=电信
area=电信公司	isp=电信
area=加利福尼亚州	province=加利福尼亚
area=科罗拉多州NTT(美国)通信公司	isp=NTT
area=Coperation Coloction数据中心	isp=CoperationColoction
area=Qwest通信公司	isp=Qwest
area=佛罗里达州迈阿密-戴德县北迈阿密海滩市Columbus网络(美国)股份有限公司	isp=Columbus
area=墨尔本	province=墨尔本
area=新泽西州纽瓦克市Level3Communications	province=新泽西&city=纽瓦克&isp=Level3
area=铁通骨干网	isp=铁通/骨干网
area=亚利桑那州马里科帕县菲尼克斯市Nobis技术集团有限公司	isp=Nobis
area=Tata通信	isp=Tata
area=科罗拉多州丹佛市Qwest通信有限公司	isp=Qwest
area=KDDI	isp=KDDI
area=米兰	province=米兰
area=鹏博士宽带	isp=鹏博士
area=Cloudinnovation数据中心	isp=Cloudinnovation
area=新国信通信有限公司	isp=联通/新国信通信有限公司
area=东方海外货柜航运有限公司	isp=东方海外货柜航运有限公司
area=OCN	isp=OCN
area=密苏里州圣路易斯市	province=密苏里&city=圣路易斯
area=城市电讯有限公司	isp=城市电讯
area=/徐汇区电信	isp=电信
area=教育信息网	isp=教育网
area=环球全域电讯	isp=环球全域电讯
area=加利福尼亚州弗里蒙特市 Hurricane Electric公司	isp=HurricaneElectric
area=Zayo集团骨干网	isp=Zayo
area=诺基亚公司	isp=诺基亚
area=KDDI通信公司	isp=KDDI通信
area=OVH数据中心	isp=OVH
area=缅因州/新罕布什尔州	province=缅因/新罕布什尔
area=弗吉尼亚州赫恩登镇Road Runner控股有限公司	isp=RoadRunner
area=东京市KDDI通信公司	isp=KDDI
area=纽约州伊利县威廉斯维尔村ColoCrossing有限公司	province=纽约&icty=伊利县威廉斯维尔村&isp=ColoCrossing
area=金桥网	isp=金桥网
area=NIC注册机构	isp=NIC
area=密苏里州圣路易斯市Charter通信公司	isp=Charter
area=中信国际电讯	isp=中信国际电讯
area=歌华有线	isp=歌华有线
area=/长宁区电信	isp=电信
area=科罗拉多州利特尔顿自治市TW Telecom控股股份有限公司	isp=TWTelecom
area=Pacnet骨干网	isp=Pacnet
area=信息港宽带网络	isp=信息港宽带网络
area=软银宽带	isp=软银宽带
area=Google骨干网	isp=Google
area=弗吉尼亚州劳登县阿什本地区Verizon Online有限公司	isp=VerizonOnline
area=AT&T网络	isp=AT&T
area=Telstra国际互联节点	isp=Telstra
area=加利福尼亚州洛杉矶Mzima网络公司	province=加利福尼亚&city=洛杉矶&isp=Mzima
area=东京威力科创	isp=东京威力科创
area=洛杉矶	province=加利福尼亚&city=洛杉矶
area=加利福尼亚州洛杉矶IT7网络	province=加利福尼亚&city=洛杉矶&isp=IT7
area=弗吉尼亚州博伊顿Microsoft数据中心	province=弗吉尼亚&city=博伊顿&isp=Microsoft
area=加利福尼亚	province=加利福尼亚
area=内华达州克拉克县亨德森市Enzu股份有限公司	isp=Enzu
area=Xerox	isp=Xerox
area=弗吉尼亚州费尔法克斯县麦克莱恩社区GTT-nLayer通信公司	isp=GTT-nLayer
area=漕河泾科技网IDC机房	isp=电信/联通/移动/漕河泾科技网
area=谷歌公司GVS服务器(移讯HKCSL公司gprsnet下一代数据中心)节点	isp=GoogleGVS/HKCSL
area=电信互联网数据中心	isp=电信
area=诺桑比亚大学	isp=诺桑比亚大学
area=特拉华多佛Incapsula公司CDN节点	province=特拉华&city=多佛isp=Incapsula
area=密苏里州	province=密苏里
area=曼谷	province=曼谷
area=纽约	province=纽约
area=HCL	isp=HCL
area=CN2数据中心	isp=电信/CN2数据中心
area=europe.pool.ntp.org服务器	isp=europe.pool.ntp.org
area=Cogeco	isp=Cogeco
area=CeraNetworks数据中心	isp=CeraNetworks
area=Ameritech	isp=Ameritech
area=新泽西州伯灵顿县月桂山乡Comcast有线通信控股股份有限公司	isp=Comcast
area=光环新网	isp=光环新网
area=电信CDMA	isp=电信/CDMA
area=中国移动国际有限公司	isp=移动/中国移动国际有限公司
area=Rogers	isp=Rogers
area=LG DACOM	isp=LG DACOM