asnumber	4134	isp=电信
asnumber	4837	isp=联通
asnumber	9808	isp=移动
asnumber	9394	isp=铁通
asnumber	4538	isp=教育网
asnumber	3462	isp=中华电信股份有限公司
asnumber	4808	isp=联通
asnumber	37963	isp=阿里云
asnumber	4812	isp=电信
asnumber	1659	isp=台湾学术网
asnumber	4847	isp=中国国家网络交换中心
asnumber	45090	isp=腾讯
asnumber	17816	isp=联通
asnumber	56046	isp=移动
asnumber	56041	isp=移动
asnumber	24444	isp=移动
asnumber	56040	isp=移动
asnumber	9674	isp=远传电信股份有限公司
asnumber	9924	isp=台湾大哥大电信股份有限公司
asnumber	24445	isp=移动
asnumber	9812	isp=东方有线
asnumber	4760	isp=电讯盈科
asnumber	17421	isp=中华电信股份有限公司
asnumber	23724	isp=电信
asnumber	4780	isp=远传电信股份有限公司
asnumber	9269	isp=香港宽频
asnumber	9304	isp=和记环球电讯有限公司
asnumber	134548	isp=鼎峰新汇香港科技有限公司
asnumber	7641	isp=广电网
asnumber	9416	isp=中嘉和网股份有限公司
asnumber	56048	isp=移动
asnumber	132839	isp=powerline.hk
asnumber	17621	isp=联通
asnumber	17429	isp=歌华有线
asnumber	17430	isp=鹏博士
asnumber	56044	isp=移动
asnumber	24158	isp=台湾大哥大电信股份有限公司
asnumber	17622	isp=联通
asnumber	7482	isp=亚太电信股份有限公司
asnumber	24400	isp=移动
asnumber	7497	isp=中国互联网络信息中心
asnumber	134810	isp=移动
asnumber	56047	isp=移动
asnumber	17962	isp=天威视讯
asnumber	9919	isp=远传电信股份有限公司
asnumber	4515	isp=电讯盈科
asnumber	17623	isp=联通
asnumber	24547	isp=移动
asnumber	17638	isp=电信
asnumber	9929	isp=联通
asnumber	45102	isp=阿里云
asnumber	38341	isp=铁通
asnumber	15169	isp=谷歌公司
asnumber	9908	isp=香港有线电视有限公司
asnumber	56042	isp=移动
asnumber	58519	isp=电信
asnumber	45069	isp=铁通
asnumber	24138	isp=铁通
asnumber	4809	isp=电信
asnumber	58593	isp=世纪互联
asnumber	23771	isp=广电网
asnumber	38370	isp=铁通
asnumber	4835	isp=电信
asnumber	17924	isp=数码通
asnumber	55990	isp=华为
asnumber	24139	isp=华数传媒
asnumber	134705	isp=香港爱他斯国际有限公司
asnumber	17968	isp=大庆中基石油通信建设有限公司
asnumber	24364	isp=教育网
asnumber	8075	isp=微软公司
asnumber	63711	isp=铁通
asnumber	4782	isp=中华电信股份有限公司
asnumber	136800	isp=xiaozhiyun.com
asnumber	9381	isp=香港宽频
asnumber	18182	isp=台湾索尼通讯网路股份有限公司
asnumber	4816	isp=电信
asnumber	133201	isp=网时集团有限公司
asnumber	58543	isp=电信
asnumber	132525	isp=移动
asnumber	17964	isp=鹏博士
asnumber	131596	isp=台湾宽频通讯顾问股份有限公司
asnumber	9814	isp=中电飞华
asnumber	58466	isp=电信
asnumber	23650	isp=电信
asnumber	38019	isp=移动
asnumber	55960	isp=光环新网
asnumber	58461	isp=电信
asnumber	38841	isp=凯擘大宽频
asnumber	16509	isp=亚马逊
asnumber	131591	isp=国基电子有限公司
asnumber	4609	isp=澳门电讯
asnumber	45057	isp=铁通
asnumber	16625	isp=阿卡迈
asnumber	4058	isp=中信国际电讯CPC
asnumber	9676	isp=宏远电讯
asnumber	714	isp=苹果公司
asnumber	18049	isp=台湾基础开发科技
asnumber	17709	isp=亚太电信
asnumber	38283	isp=电信
asnumber	17444	isp=新世界电讯有限公司
asnumber	24164	isp=twmbroadband.net
asnumber	45062	isp=广州网易计算机系统有限公司
asnumber	38365	isp=百度
asnumber	17799	isp=电信
asnumber	9293	isp=香港资讯联网有限公司
asnumber	134764	isp=电信
asnumber	135629	isp=宁夏西部云基地科技有限公司
asnumber	133119	isp=联通
asnumber	9802	isp=世纪互联
asnumber	18116	isp=和记环球电讯有限公司
asnumber	136958	isp=联通
asnumber	132203	isp=腾讯
asnumber	58453	isp=移动
asnumber	18118	isp=中信网络
asnumber	137443	isp=安畅网络（亚太）有限公司
asnumber	17809	isp=大台中数位有线电视股份有限公司
asnumber	55933	isp=cloudie.hk
asnumber	134762	isp=电信
asnumber	133774	isp=电信
asnumber	40065	isp=cnservers.com
asnumber	24357	isp=教育网
asnumber	24157	isp=台湾之星
asnumber	17897	isp=电信
asnumber	4662	isp=gcn.net.tw
asnumber	64050	isp=bgp.net
asnumber	136188	isp=电信
asnumber	134768	isp=电信
asnumber	3491	isp=电讯盈科
asnumber	9389	isp=中国长城互联网
asnumber	24143	isp=青岛有线
asnumber	4637	isp=澳大利亚电讯国际有限公司
asnumber	63555	isp=北京北龙云海网络数据科技有限公司
asnumber	62468	isp=龙腾网络技术服务有限公司
asnumber	55992	isp=奇虎360
asnumber	23844	isp=光环新网
asnumber	9811	isp=srit.com.cn
asnumber	18042	isp=和网宽频电信股份有限公司
asnumber	134763	isp=电信
asnumber	58563	isp=电信
asnumber	139007	isp=联通
asnumber	45753	isp=netsec.com
asnumber	10103	isp=香港宽频
asnumber	134419	isp=电信
asnumber	10212	isp=中企网络通信技术有限公司
asnumber	134542	isp=联通
asnumber	131627	isp=北都数位有线电视股份有限公司
asnumber	137702	isp=电信
asnumber	18013	isp=asline.net
asnumber	9306	isp=中国国际电子商务中心
asnumber	2706	isp=香港宽频
asnumber	20940	isp=阿卡迈
asnumber	7539	isp=nchc.org.tw
asnumber	9925	isp=电讯盈科
asnumber	134420	isp=电信
asnumber	58542	isp=电信
asnumber	24154	isp=aptg.com.tw
asnumber	9729	isp=iadvantage.net
asnumber	136190	isp=电信
asnumber	4528	isp=香港大学
asnumber	58541	isp=电信
asnumber	4158	isp=亚太互联网络信息中心
asnumber	4616	isp=香港理工大学资讯科技服务中心
asnumber	63835	isp=电信
asnumber	134238	isp=电信
asnumber	3363	isp=香港科技大学
asnumber	133775	isp=电信
asnumber	17716	isp=国立台湾大学
asnumber	138950	isp=电信
asnumber	24353	isp=教育网
asnumber	131486	isp=京东云
asnumber	63646	isp=北京小桔科技有限公司
asnumber	3661	isp=香港中文大学
asnumber	18047	isp=国立清华大学
asnumber	38372	isp=睿江科技
asnumber	9298	isp=光环讯通
asnumber	703	isp=verizon.com
asnumber	137689	isp=电信
asnumber	137872	isp=移动
asnumber	18422	isp=工业技术研究院
asnumber	59037	isp=杭州智御网络科技有限公司
asnumber	137694	isp=电信
asnumber	137697	isp=电信
asnumber	38197	isp=snw.hk
asnumber	4605	isp=香港浸会大学
asnumber	9264	isp=中央研究院
asnumber	139646	isp=megalayer.net
asnumber	26658	isp=恒通网络
asnumber	24137	isp=河南平煤
asnumber	56005	isp=郑州快之网电子科技有限公司
asnumber	133118	isp=联通
asnumber	18046	isp=东丰科技股份有限公司
asnumber	38844	isp=国立台湾师范大学
asnumber	137539	isp=联通
asnumber	17713	isp=国立中山大学
asnumber	17759	isp=中华电力有限公司
asnumber	18239	isp=北京财富公共信息平台
asnumber	24371	isp=教育网
asnumber	37937	isp=中国电子政务网
asnumber	37943	isp=景安网络
asnumber	38381	isp=中国航信
asnumber	38845	isp=台湾辅仁大学
asnumber	38847	isp=台湾国立中兴大学
asnumber	45075	isp=中央电视台
asnumber	45083	isp=北京维瑞智盛软件开发有限公司
asnumber	45113	isp=同煤通信
asnumber	7535	isp=大同网际网路
asnumber	7582	isp=澳门大学
asnumber	9584	isp=香港第一线有限公司
asnumber	9916	isp=国立交通大学
asnumber	18420	isp=台湾中央大学
asnumber	59050	isp=云方舟
asnumber	45093	isp=北京亿安天下Cnean网络交换中心
asnumber	24358	isp=教育网
asnumber	45187	isp=rackspace.com
asnumber	134756	isp=电信
asnumber	21859	isp=zenlayer.com
asnumber	137693	isp=电信
asnumber	9939	isp=安莱信息
asnumber	134771	isp=电信
asnumber	56019	isp=中联数据
asnumber	45061	isp=上海信息网络有限公司
asnumber	135377	isp=ucloud.cn
asnumber	63199	isp=首都在线
asnumber	24367	isp=教育网
asnumber	59078	isp=北京优帆科技有限公司
asnumber	133115	isp=香港葵芳集团有限公司
asnumber	4813	isp=电信
asnumber	136907	isp=huawei.com
asnumber	109	isp=思科系统公司
asnumber	137695	isp=电信
asnumber	63612	isp=深圳前海小鸟云计算有限公司
asnumber	7656	isp=宏远电讯股份有限公司
asnumber	59371	isp=dimensionet.com
asnumber	10118	isp=和记环球电讯有限公司
asnumber	132510	isp=移动
asnumber	17775	isp=上海科技网络通信有限公司
asnumber	24349	isp=教育网
asnumber	45058	isp=金桥网络通信有限公司
asnumber	38819	isp=hkcsl.com
asnumber	7991	isp=centurylink.com
asnumber	59019	isp=金山云
asnumber	133199	isp=sondercloud.asia
asnumber	18245	isp=中国互联网络信息中心
asnumber	7540	isp=hkcix.com
asnumber	134765	isp=电信
asnumber	9801	isp=京宽网络
asnumber	38027	isp=教育网
asnumber	58834	isp=广电网
asnumber	55967	isp=百度
asnumber	134418	isp=电信
asnumber	135061	isp=联通
asnumber	131586	isp=远传电信股份有限公司
asnumber	9444	isp=电讯盈科
asnumber	45079	isp=万国数据服务有限公司
asnumber	10132	isp=towngastelecom.com
asnumber	17490	isp=基于密集型光波复用的宽带网络
asnumber	63838	isp=电信
asnumber	134543	isp=联通
asnumber	56282	isp=北京网港科技有限公司
asnumber	134766	isp=电信
asnumber	133771	isp=rapid-shield.com
asnumber	38056	isp=globecomm.com
asnumber	206819	isp=ansonnet.com
asnumber	10126	isp=中华电信股份有限公司
asnumber	37965	isp=太平洋电信
asnumber	56292	isp=中联数据
asnumber	9216	isp=symphox.net
asnumber	131607	isp=全国数位有线电视股份有限公司
asnumber	24147	isp=北京商务中心区通信科技有限公司
asnumber	10229	isp=雅虎
asnumber	2687	isp=att.com
asnumber	9308	isp=世纪互联
asnumber	9535	isp=中联数据
asnumber	131584	isp=台湾智慧光网股份有限公司
asnumber	136959	isp=联通
asnumber	38478	isp=新力讯有限公司
asnumber	23851	isp=重庆网通宽带网络有限责任公司
asnumber	135391	isp=ofidc.com
asnumber	45474	isp=nexusguard.com
asnumber	63691	isp=北京智网科技股份有限公司
asnumber	10099	isp=联通
asnumber	131325	isp=电信
asnumber	23881	isp=udomain.com.hk
asnumber	23853	isp=上海数讯
asnumber	38364	isp=北京龙腾佳讯科技股份公司
asnumber	133776	isp=电信
asnumber	7651	isp=大学联合电脑中心
asnumber	17819	isp=equinix.com
asnumber	3356	isp=level3.com
asnumber	9229	isp=speedcast.com
asnumber	134774	isp=电信
asnumber	10032	isp=和记环球电讯有限公司
asnumber	23848	isp=深圳平安通信科技有限公司
asnumber	24134	isp=互联通
asnumber	24151	isp=中国互联网络信息中心
asnumber	9809	isp=南凌科技
asnumber	137692	isp=电信
asnumber	137699	isp=电信
asnumber	64021	isp=香港商务电讯有限公司
asnumber	9231	isp=移动
asnumber	132585	isp=电讯盈科
asnumber	138421	isp=联通
asnumber	9513	isp=香港有线电视有限公司
asnumber	7650	isp=大学联合电脑中心
asnumber	134772	isp=电信
asnumber	23839	isp=辽河油田通信
asnumber	23842	isp=深圳信息网络中心
asnumber	24422	isp=华通信息有限公司
asnumber	59077	isp=上海优刻得信息科技有限公司
asnumber	9391	isp=广东省有线宽带网络服务中心
asnumber	9474	isp=smartone.com
asnumber	131536	isp=鹏博士
asnumber	135386	isp=联华电信国际有限公司
asnumber	17428	isp=世纪互联
asnumber	18243	isp=网易
asnumber	139201	isp=电信
asnumber	45110	isp=天维信通科技有限公司
asnumber	10122	isp=bigo.sg
asnumber	133752	isp=leaseweb.com
asnumber	24506	isp=雅虎
asnumber	63590	isp=广电网
asnumber	132813	isp=aisicloud.net
asnumber	9807	isp=国家统计局数据管理中心
asnumber	133024	isp=ximbo.com
asnumber	137280	isp=金山云
asnumber	9237	isp=电讯盈科
asnumber	24167	isp=中央研究院
asnumber	131142	isp=亚太电信股份有限公司
asnumber	24430	isp=国家邮政局
asnumber	132147	isp=电信
asnumber	134761	isp=电信
asnumber	4641	isp=香港交换中心
asnumber	24319	isp=阿卡迈
asnumber	138378	isp=教育网
asnumber	45932	isp=netsys.com.hk
asnumber	17781	isp=新华通讯社
asnumber	38843	isp=pumo.com.tw
asnumber	139018	isp=电信
asnumber	55461	isp=中联数据
asnumber	56001	isp=上海臣翊网络科技有限公司
asnumber	59011	isp=北京云林网络科技有限公司
asnumber	136933	isp=gigabitbank.com
asnumber	139220	isp=电信
asnumber	38342	isp=上海维赛特网络系统有限公司
asnumber	4748	isp=resolink.com
asnumber	63581	isp=广西广播电视信息网络股份有限公司
asnumber	135026	isp=thinkdream.com
asnumber	134769	isp=电信
asnumber	7468	isp=superhub.com.hk
asnumber	174	isp=cogentco.com
asnumber	133111	isp=教育网
asnumber	31972	isp=emagineconcept.com
asnumber	38363	isp=翰威通信
asnumber	133779	isp=huayun.com
asnumber	17554	isp=citictel.com
asnumber	24350	isp=教育网
asnumber	24427	isp=驰信信息技术有限公司
asnumber	45816	isp=i-services.com.hk
asnumber	134196	isp=cloudie.hk
asnumber	24155	isp=aptg.com.tw
asnumber	24424	isp=北京谷翔信息技术有限公司
asnumber	63545	isp=迅达云
asnumber	63631	isp=广东云基科技有限公司
asnumber	13335	isp=cloudflare.com
asnumber	55355	isp=和记环球电讯有限公司
asnumber	132553	isp=中国石油大学
asnumber	133865	isp=爱奇艺
asnumber	17966	isp=中国信息宽带网络有限公司
asnumber	18411	isp=edtns.net
asnumber	24352	isp=教育网
asnumber	24495	isp=北京创想空间商务通信服务有限公司
asnumber	4845	isp=singtel.com
asnumber	9660	isp=kantone.net
asnumber	9671	isp=tradevan.com.tw
asnumber	3549	isp=level3.com
asnumber	56190	isp=acmehk.net
asnumber	9732	isp=ogcio.gov.hk
asnumber	134770	isp=电信
asnumber	139203	isp=电信
asnumber	1299	isp=telia.com
asnumber	17888	isp=singtel.com
asnumber	38277	isp=communilink.net
asnumber	9221	isp=hsbc.com
asnumber	134687	isp=twidc.com.hk
asnumber	138982	isp=电信
asnumber	17633	isp=电信
asnumber	24334	isp=cyberport.hk
asnumber	38345	isp=互联网域名系统北京市工程研究中心有限公司
asnumber	135330	isp=adcdata.com
asnumber	17739	isp=电信
asnumber	24413	isp=深圳市旭日科技有限公司
asnumber	10100	isp=ubs.com
asnumber	138995	isp=厦门比利网络有限公司
asnumber	23910	isp=教育网
asnumber	138369	isp=教育网
asnumber	139659	isp=lucidacloud.net
asnumber	24361	isp=教育网
asnumber	24428	isp=方正宽带
asnumber	132153	isp=电信
asnumber	18242	isp=成都信息港公司
asnumber	23764	isp=电信
asnumber	63981	isp=nova.net.cn
asnumber	7577	isp=大学联合电脑中心
asnumber	24246	isp=inap.com
asnumber	38379	isp=上海美琪网络科技有限公司
asnumber	134520	isp=techavenue.net
asnumber	17764	isp=香港公开大学
asnumber	136160	isp=世纪互联
asnumber	136200	isp=电信
asnumber	18183	isp=国研院国震中心
asnumber	208770	isp=greaconltd.com
asnumber	24043	isp=datapipe.com
asnumber	24399	isp=asix.hk
asnumber	45250	isp=vocom.com
asnumber	9810	isp=北京时代网星科技有限公司
asnumber	209	isp=centurylink.com
asnumber	32787	isp=阿卡迈
asnumber	23749	isp=hkcolo.com
asnumber	24355	isp=教育网
asnumber	396982	isp=谷歌公司
asnumber	58962	isp=四川世纪立信财务管理咨询公司
asnumber	138538	isp=宁波市南边陀螺信息技术有限公司
asnumber	24482	isp=sg.gs
asnumber	38176	isp=absatellite.com
asnumber	4611	isp=中国互联网络信息中心
asnumber	59067	isp=微软公司
asnumber	4249	isp=礼来公司
asnumber	133038	isp=exa.net
asnumber	139887	isp=电信
asnumber	140308	isp=电信
asnumber	140317	isp=电信
asnumber	17537	isp=jos.com.hk
asnumber	17619	isp=powernetix.com
asnumber	18257	isp=常州贝特康姆软件技术有限公司
asnumber	23840	isp=天津先进信息产品有限公司
asnumber	24160	isp=奇美实业
asnumber	37970	isp=中国华电集团公司
asnumber	38346	isp=互联通
asnumber	38367	isp=合众人寿保险股份有限公司
asnumber	38378	isp=博世（中国）投资有限公司
asnumber	45590	isp=和记环球电讯有限公司
asnumber	4859	isp=中国国家信息中心
asnumber	55994	isp=安畅网络
asnumber	56012	isp=北京乐金系统集成有限公司
asnumber	56013	isp=三星数据系统（中国）有限公司
asnumber	63549	isp=辽宁途隆科技有限公司
asnumber	7484	isp=hactl.com
asnumber	7640	isp=中国国际信托投资公司管理信息中心
asnumber	9906	isp=etnet.com.hk
asnumber	136892	isp=rackspace.com
asnumber	17794	isp=和记环球电讯有限公司
asnumber	24406	isp=中国互联网络信息中心
asnumber	37942	isp=中国文物信息咨询中心
asnumber	55480	isp=i-services.com.hk
asnumber	63673	isp=深圳平安通信科技有限公司
asnumber	137990	isp=suniway.net
asnumber	19551	isp=incapsula.com
asnumber	36236	isp=netactuate.com
asnumber	3762	isp=instinet.com
asnumber	38358	isp=中国科学技术协会信息中心
asnumber	45910	isp=i-system.hk
asnumber	4646	isp=新力讯有限公司
asnumber	55558	isp=cloudalliance.hk
asnumber	63541	isp=蓝汛
asnumber	7473	isp=singtel.com
asnumber	134835	isp=星光互联
asnumber	36384	isp=谷歌公司
asnumber	58807	isp=移动
asnumber	63679	isp=江苏恒云太科技有限公司
asnumber	63928	isp=freecomm.net
asnumber	9312	isp=xtom.com
asnumber	9803	isp=首都在线
asnumber	133012	isp=cocoaoriental.com
asnumber	139462	isp=电信
asnumber	37957	isp=中国通信有限公司
asnumber	45101	isp=沃尔玛（中国）投资有限公司
asnumber	59043	isp=广州蓝动信息科技有限公司
asnumber	63554	isp=黑龙江省久鹏信息技术服务有限公司
asnumber	131600	isp=是方电讯股份有限公司
asnumber	133952	isp=郑州珑凌科技有限公司
asnumber	138607	isp=herbtech.com.cn
asnumber	15133	isp=verizon.com
asnumber	55468	isp=中国国际广播电台
asnumber	55958	isp=英特尔公司
asnumber	55998	isp=北京互联通网络科技有限公司
asnumber	58518	isp=电信
asnumber	59045	isp=广州尚航信息科技股份有限公司
asnumber	701	isp=verizon.com
asnumber	135387	isp=magnahosting.net
asnumber	136167	isp=电信
asnumber	140105	isp=移动
asnumber	15695	isp=expereo.com
asnumber	18241	isp=国家电力信息网
asnumber	24429	isp=阿里云
asnumber	45761	isp=gamania.com
asnumber	4645	isp=香港资讯联网有限公司
asnumber	59083	isp=上海宽惠网络科技有限公司
asnumber	131603	isp=worldstar.net.tw
asnumber	134974	isp=oakleighcapital.com
asnumber	38339	isp=中联数据
asnumber	58536	isp=中国政务和公益机构域名注册管理中心
asnumber	54113	isp=fastly.com
asnumber	10116	isp=和记环球电讯有限公司
asnumber	131091	isp=goldsunshine.net
asnumber	131143	isp=chinatrust.com.tw
asnumber	131659	isp=网易
asnumber	135363	isp=重庆富轩信息技术有限公司
asnumber	135365	isp=上海游族信息技术有限公司
asnumber	136600	isp=北京峰鸟网络科技有限公司
asnumber	137218	isp=快云信息技术有限公司
asnumber	13778	isp=强生公司
asnumber	137787	isp=北京京东尚科信息技术有限公司
asnumber	138698	isp=同仁科技有限公司
asnumber	139721	isp=电信
asnumber	140310	isp=电信
asnumber	140312	isp=电信
asnumber	140316	isp=电信
asnumber	18426	isp=财团法人国家实验研究院
asnumber	24420	isp=中国林业科学研究院
asnumber	24489	isp=教育网
asnumber	24490	isp=教育网
asnumber	38375	isp=北京高华证券有限公司
asnumber	38380	isp=中国南方机车车辆工业公司
asnumber	4229	isp=zenlayer.com
asnumber	45074	isp=国家统计局数据管理中心
asnumber	58852	isp=贵州省广播电视信息网络股份有限公司
asnumber	58879	isp=中联数据
asnumber	59009	isp=青岛旺信电子科技有限公司
asnumber	59022	isp=昆明广播电视网络有限责任公司
asnumber	59029	isp=人民网
asnumber	6185	isp=苹果公司
asnumber	63535	isp=万达信息股份有限公司成都分公司
asnumber	63548	isp=联想
asnumber	63561	isp=中国电子科技网络信息安全有限公司
asnumber	63570	isp=中国互联网络信息中心
asnumber	63598	isp=河北昆时网络科技股份有限公司
asnumber	63620	isp=深圳市华博科技开发有限公司
asnumber	63701	isp=吉视传媒股份有限公司
asnumber	3561	isp=centurylink.com
asnumber	10231	isp=tech-trans.com
asnumber	137927	isp=asl.com.hk
asnumber	24141	isp=地面通
asnumber	4623	isp=chevalier.net
asnumber	55536	isp=pacswitch.com
asnumber	55996	isp=赛柏特电信（中国）有限公司
asnumber	58517	isp=电信
asnumber	3662	isp=大学联合电脑中心
asnumber	10138	isp=ibasis.net
asnumber	10206	isp=联通
asnumber	138449	isp=vocom.com
asnumber	17485	isp=tid.gov.hk
asnumber	17978	isp=世纪宏图澳大利亚控股公司
asnumber	24168	isp=cloudmax.com.tw
asnumber	45327	isp=goldmansachs.com
asnumber	58866	isp=中国金融认证中心
asnumber	63617	isp=麦肯锡（上海）咨询有限公司
asnumber	19855	isp=masergy.com
asnumber	10753	isp=level3.com
asnumber	131530	isp=上海思栈网络有限公司
asnumber	133465	isp=昆山杜克大学
asnumber	133731	isp=皇家网络科技有限公司
asnumber	134417	isp=电信
asnumber	136237	isp=上海双于通信技术有限公司
asnumber	136782	isp=平潭热线网络科技有限公司
asnumber	36678	isp=电信
asnumber	38385	isp=中嘉和网股份有限公司
asnumber	58811	isp=中国政务和公益机构域名注册管理中心
asnumber	63527	isp=电信
asnumber	63583	isp=中国电信研究院
asnumber	7262	isp=电讯盈科
asnumber	23875	isp=hkcsl.com
asnumber	10074	isp=ibasis.net
asnumber	131134	isp=博世（中国）投资有限公司
asnumber	131144	isp=华硕电脑
asnumber	131148	isp=台湾银行
asnumber	131444	isp=huawei.com
asnumber	131497	isp=大众汽车（中国）投资有限公司
asnumber	131503	isp=中国航空技术进出口总公司
asnumber	131519	isp=海信集团
asnumber	131538	isp=北京首创科技有限公司
asnumber	131578	isp=北京外国语大学
asnumber	131587	isp=兆丰国际商业银行
asnumber	131590	isp=合作金库银行
asnumber	131593	isp=和硕联合科技股份有限公司
asnumber	131599	isp=纬创集团
asnumber	131605	isp=besta.com.tw
asnumber	133158	isp=well-power.com.tw
asnumber	134963	isp=阿里云
asnumber	134981	isp=优步科技有限公司
asnumber	136189	isp=欧普拉软件技术（北京）有限公司
asnumber	136955	isp=上海姆机商务咨询有限公司
asnumber	137207	isp=大学联合电脑中心
asnumber	137547	isp=绿林客信息技术有限公司
asnumber	137715	isp=国泰君安证券股份有限公司
asnumber	137735	isp=ccb.com
asnumber	137745	isp=中国互联网络信息中心
asnumber	137761	isp=etiir.com
asnumber	137764	isp=北京卓越科技有限公司
asnumber	137804	isp=cnix.com.cn
asnumber	137806	isp=沃尔玛（中国）投资有限公司
asnumber	138407	isp=移动
asnumber	139640	isp=newcloud.hk
asnumber	17706	isp=香港机场管理局
asnumber	17969	isp=京宽网络
asnumber	24348	isp=教育网
asnumber	24575	isp=教育网
asnumber	25780	isp=hugeserver.com
asnumber	38057	isp=戴尔
asnumber	45071	isp=李宁（中国）体育用品有限公司
asnumber	45086	isp=上海有孚网络股份有限公司
asnumber	45087	isp=中国免税品（集团）有限责任公司
asnumber	55966	isp=中国邮政储蓄银行
asnumber	55971	isp=中国社会科学院
asnumber	55973	isp=环球电影服务有限公司
asnumber	55982	isp=长虹佳华信息产品有限责任公司
asnumber	55986	isp=焦点科技股份有限公司
asnumber	56000	isp=康宝莱（中国）保健品有限公司
asnumber	56002	isp=北京船舶通信导航有限公司
asnumber	56003	isp=北京世纪联合网络技术有限公司
asnumber	56011	isp=unicloud.com
asnumber	56015	isp=中国体育彩票科技发展有限公司
asnumber	56173	isp=雅虎
asnumber	58441	isp=香港宽频
asnumber	58854	isp=kaopuyun.com
asnumber	58860	isp=北京北宽科技有限公司
asnumber	58862	isp=微软公司
asnumber	59003	isp=天津广播电视网络技术有限公司
asnumber	59010	isp=内蒙古聚友网络信息服务有限公司
asnumber	59012	isp=中国储备粮管理集团有限公司
asnumber	59049	isp=沃尔玛（中国）投资有限公司
asnumber	59056	isp=上海缘通科技有限公司
asnumber	59057	isp=北京永信畅联科技有限公司
asnumber	59074	isp=泰康保险集团股份有限公司
asnumber	63582	isp=中国电信研究院
asnumber	63636	isp=上海长信科技股份有限公司
asnumber	63704	isp=贵州省广播电视信息网络股份有限公司
asnumber	63705	isp=南京安莱信息通信技术有限公司
asnumber	63916	isp=techavenue.net
asnumber	9405	isp=测试平台服务中心
asnumber	63629	isp=北京车之家信息技术有限公司
asnumber	2686	isp=att.com
asnumber	10361	isp=彭博有限合伙企业
asnumber	131588	isp=财金资讯股份有限公司
asnumber	133475	isp=纽约大学
asnumber	135006	isp=比特汇通（北京）信息技术有限公司
asnumber	137784	isp=cacloud.net.cn
asnumber	137946	isp=厦门游天科技有限公司
asnumber	137995	isp=上海双于通信技术有限公司
asnumber	138029	isp=深圳互联先锋科技有限公司
asnumber	138371	isp=教育网
asnumber	138570	isp=aresflare.com
asnumber	17457	isp=雅虎
asnumber	24545	isp=南方电信（香港）有限公司
asnumber	38107	isp=cdnetworks.com
asnumber	58448	isp=中国政务和公益机构域名注册管理中心
asnumber	58850	isp=彭博财经资讯（北京）有限公司
asnumber	59073	isp=中国银行股份有限公司
asnumber	59248	isp=att.com
asnumber	59251	isp=snw.hk
asnumber	63530	isp=北京光环时讯网络通讯技术有限责任公司
asnumber	9401	isp=中国国家图书馆
asnumber	139057	isp=白山云科技有限公司
asnumber	59253	isp=leaseweb.com
asnumber	59065	isp=美银宝网络信息服务（上海）有限公司
asnumber	10133	isp=是方电讯股份有限公司
asnumber	10232	isp=hkcix.com
asnumber	10455	isp=阿尔卡特朗讯
asnumber	12008	isp=home.neustar
asnumber	131280	isp=和记环球电讯有限公司
asnumber	131558	isp=沃尔玛（中国）投资有限公司
asnumber	131621	isp=财团法人台湾网路资讯中心
asnumber	133380	isp=layerstack.com
asnumber	135146	isp=电讯盈科
asnumber	137759	isp=mts.com
asnumber	139061	isp=兴业银行（中国）有限公司
asnumber	139606	isp=cloudalliance.hk
asnumber	17814	isp=citictel.com
asnumber	18421	isp=台新银行
asnumber	23911	isp=教育网
asnumber	24023	isp=juniper.net
asnumber	24409	isp=中国互联网络信息中心
asnumber	34806	isp=asline.net
asnumber	3573	isp=埃森哲
asnumber	3614	isp=戴尔
asnumber	37958	isp=蓝汛
asnumber	38564	isp=英伟达公司
asnumber	3908	isp=centurylink.com
asnumber	397237	isp=home.neustar
asnumber	45346	isp=well-power.com.tw
asnumber	45501	isp=雅虎
asnumber	4766	isp=韩国电信公司
asnumber	55786	isp=莫必优思软件（上海）有限公司
asnumber	55956	isp=麦格纳汽车技术（上海）有限公司
asnumber	56103	isp=i-services.com.hk
asnumber	58520	isp=电信
asnumber	63565	isp=北京联广通网络科技有限公司
asnumber	63580	isp=诺华（中国）生物医学研究有限公司
asnumber	63641	isp=megavantage.cn
asnumber	63690	isp=广东夏龙通信有限公司
asnumber	9805	isp=siemens.com
asnumber	12222	isp=阿卡迈
asnumber	131506	isp=黑龙江广播电视网络股份有限公司
asnumber	131525	isp=南京途牛科技有限公司
asnumber	131541	isp=中国互联网络信息中心
asnumber	131577	isp=湖北兆升凯莱科技有限公司
asnumber	131660	isp=中华电信股份有限公司
asnumber	132389	isp=移动
asnumber	132591	isp=腾讯
asnumber	133492	isp=杭州爱云网络科技有限公司
asnumber	134175	isp=鼎峰新汇香港科技有限公司
asnumber	134602	isp=上海花卷信息科技有限公司
asnumber	135621	isp=电讯盈科
asnumber	137746	isp=中国互联网络信息中心
asnumber	137753	isp=北京京东尚科信息技术有限公司
asnumber	137767	isp=上海通用汽车有限公司
asnumber	137882	isp=上海花卷信息科技有限公司
asnumber	138542	isp=平潭热线网络科技有限公司
asnumber	139584	isp=电信
asnumber	139619	isp=移动
asnumber	139774	isp=教育网
asnumber	140052	isp=xtom.com
asnumber	14153	isp=verizon.com
asnumber	17984	isp=电讯盈科
asnumber	19527	isp=谷歌公司
asnumber	19905	isp=home.neustar
asnumber	202	isp=level3.com
asnumber	20464	isp=polycom.com
asnumber	22400	isp=web2objects.com
asnumber	23709	isp=互联网系统协会
asnumber	23712	isp=互联网系统协会
asnumber	24302	isp=教育网
asnumber	24362	isp=教育网
asnumber	24363	isp=教育网
asnumber	37936	isp=新浪公司
asnumber	38187	isp=gamania.com
asnumber	38238	isp=兴业银行（中国）有限公司
asnumber	38834	isp=英伟达公司
asnumber	47582	isp=ansonnet.com
asnumber	4983	isp=英特尔公司
asnumber	55439	isp=互联网系统协会
asnumber	58571	isp=电信
asnumber	59034	isp=北京市希望网络科技有限公司
asnumber	59048	isp=北京云端时代科技股份有限公司
asnumber	59080	isp=北京华夏雅库网络科技股份有限公司
asnumber	6279	isp=电讯盈科
asnumber	63531	isp=北京百悟科技有限公司
asnumber	63615	isp=通用电气（中国）有限公司
asnumber	63696	isp=中信建投证券股份有限公司
asnumber	63722	isp=红豆电信有限公司
asnumber	64079	isp=电信
asnumber	8188	isp=彭博资讯
asnumber	9263	isp=电讯盈科
asnumber	9538	isp=中信国际电讯CPC
asnumber	3910	isp=centurylink.com
asnumber	59241	isp=goldmansachs.com
asnumber	2828	isp=verizon.com
asnumber	702	isp=verizon.com